--------------------------------------------------------------------------------
Release 14.7 Trace  (lin64)
Copyright (c) 1995-2013 Xilinx, Inc.  All rights reserved.

/opt/Xilinx/14.7/ISE_DS/ISE/bin/lin64/unwrapped/trce -intstyle ise -v 3 -s 3 -n
3 -fastpaths -xml Pipeline.twx Pipeline.ncd -o Pipeline.twr Pipeline.pcf

Design file:              Pipeline.ncd
Physical constraint file: Pipeline.pcf
Device,package,speed:     xc6slx4,tqg144,C,-3 (PRODUCTION 1.23 2013-10-13)
Report level:             verbose report

Environment Variable      Effect 
--------------------      ------ 
NONE                      No environment variables were set
--------------------------------------------------------------------------------

INFO:Timing:2698 - No timing constraints found, doing default enumeration.
INFO:Timing:3412 - To improve timing, see the Timing Closure User Guide (UG612).
INFO:Timing:2752 - To get complete path coverage, use the unconstrained paths 
   option. All paths that are not constrained will be reported in the 
   unconstrained paths section(s) of the report.
INFO:Timing:3339 - The clock-to-out numbers in this timing report are based on 
   a 50 Ohm transmission line loading model.  For the details of this model, 
   and for more information on accounting for different loading conditions, 
   please see the device datasheet.



Data Sheet report:
-----------------
All values displayed in nanoseconds (ns)

Setup/Hold to clock CLK
------------+------------+------------+------------+------------+------------------+--------+
            |Max Setup to|  Process   |Max Hold to |  Process   |                  | Clock  |
Source      | clk (edge) |   Corner   | clk (edge) |   Corner   |Internal Clock(s) | Phase  |
------------+------------+------------+------------+------------+------------------+--------+
INPUT1<0>   |    2.089(R)|      SLOW  |   -0.930(R)|      FAST  |CLK_BUFGP         |   0.000|
INPUT1<1>   |    2.179(R)|      SLOW  |   -0.988(R)|      FAST  |CLK_BUFGP         |   0.000|
INPUT1<2>   |    2.119(R)|      SLOW  |   -0.936(R)|      FAST  |CLK_BUFGP         |   0.000|
INPUT1<3>   |    2.441(R)|      SLOW  |   -1.116(R)|      FAST  |CLK_BUFGP         |   0.000|
INPUT1<4>   |    2.456(R)|      SLOW  |   -1.192(R)|      FAST  |CLK_BUFGP         |   0.000|
INPUT1<5>   |    2.401(R)|      SLOW  |   -1.157(R)|      FAST  |CLK_BUFGP         |   0.000|
INPUT1<6>   |    2.368(R)|      SLOW  |   -1.116(R)|      FAST  |CLK_BUFGP         |   0.000|
INPUT1<7>   |    2.423(R)|      SLOW  |   -1.157(R)|      FAST  |CLK_BUFGP         |   0.000|
INPUT1<8>   |    2.412(R)|      SLOW  |   -1.168(R)|      FAST  |CLK_BUFGP         |   0.000|
INPUT1<9>   |    2.237(R)|      SLOW  |   -1.062(R)|      FAST  |CLK_BUFGP         |   0.000|
INPUT1<10>  |    2.350(R)|      SLOW  |   -1.111(R)|      FAST  |CLK_BUFGP         |   0.000|
INPUT1<11>  |    2.382(R)|      SLOW  |   -1.114(R)|      FAST  |CLK_BUFGP         |   0.000|
INPUT1<12>  |    2.070(R)|      SLOW  |   -0.966(R)|      FAST  |CLK_BUFGP         |   0.000|
INPUT1<13>  |    2.216(R)|      SLOW  |   -1.053(R)|      FAST  |CLK_BUFGP         |   0.000|
INPUT1<14>  |    2.008(R)|      SLOW  |   -0.909(R)|      FAST  |CLK_BUFGP         |   0.000|
INPUT1<15>  |    2.126(R)|      SLOW  |   -0.987(R)|      FAST  |CLK_BUFGP         |   0.000|
INPUT1<16>  |    2.828(R)|      SLOW  |   -1.523(R)|      FAST  |CLK_BUFGP         |   0.000|
INPUT1<17>  |    2.362(R)|      SLOW  |   -1.150(R)|      FAST  |CLK_BUFGP         |   0.000|
INPUT1<18>  |    2.432(R)|      SLOW  |   -1.147(R)|      FAST  |CLK_BUFGP         |   0.000|
INPUT1<19>  |    3.050(R)|      SLOW  |   -1.617(R)|      FAST  |CLK_BUFGP         |   0.000|
INPUT1<20>  |    2.780(R)|      SLOW  |   -1.437(R)|      FAST  |CLK_BUFGP         |   0.000|
INPUT1<21>  |    2.301(R)|      SLOW  |   -1.054(R)|      FAST  |CLK_BUFGP         |   0.000|
INPUT1<22>  |    2.494(R)|      SLOW  |   -1.196(R)|      FAST  |CLK_BUFGP         |   0.000|
INPUT1<23>  |    2.461(R)|      SLOW  |   -1.182(R)|      FAST  |CLK_BUFGP         |   0.000|
INPUT1<24>  |    2.023(R)|      SLOW  |   -0.919(R)|      FAST  |CLK_BUFGP         |   0.000|
INPUT1<25>  |    2.251(R)|      SLOW  |   -1.035(R)|      FAST  |CLK_BUFGP         |   0.000|
INPUT1<26>  |    2.791(R)|      SLOW  |   -1.333(R)|      FAST  |CLK_BUFGP         |   0.000|
INPUT1<27>  |    2.263(R)|      SLOW  |   -1.028(R)|      FAST  |CLK_BUFGP         |   0.000|
INPUT1<28>  |    1.940(R)|      SLOW  |   -0.887(R)|      FAST  |CLK_BUFGP         |   0.000|
INPUT1<29>  |    1.708(R)|      SLOW  |   -0.729(R)|      FAST  |CLK_BUFGP         |   0.000|
INPUT1<30>  |    1.959(R)|      SLOW  |   -0.894(R)|      FAST  |CLK_BUFGP         |   0.000|
INPUT1<31>  |    2.198(R)|      SLOW  |   -1.017(R)|      FAST  |CLK_BUFGP         |   0.000|
INPUT2<0>   |    2.926(R)|      SLOW  |   -1.599(R)|      FAST  |CLK_BUFGP         |   0.000|
INPUT2<1>   |    2.020(R)|      SLOW  |   -1.061(R)|      FAST  |CLK_BUFGP         |   0.000|
INPUT2<2>   |    1.908(R)|      SLOW  |   -0.970(R)|      SLOW  |CLK_BUFGP         |   0.000|
INPUT2<3>   |    1.677(R)|      SLOW  |   -0.744(R)|      SLOW  |CLK_BUFGP         |   0.000|
INPUT2<4>   |    2.259(R)|      SLOW  |   -1.166(R)|      FAST  |CLK_BUFGP         |   0.000|
INPUT2<5>   |    2.161(R)|      SLOW  |   -1.107(R)|      FAST  |CLK_BUFGP         |   0.000|
INPUT2<6>   |    1.829(R)|      SLOW  |   -0.873(R)|      SLOW  |CLK_BUFGP         |   0.000|
INPUT2<7>   |    1.141(R)|      SLOW  |   -0.213(R)|      SLOW  |CLK_BUFGP         |   0.000|
INPUT2<8>   |    0.419(R)|      SLOW  |    0.458(R)|      SLOW  |CLK_BUFGP         |   0.000|
INPUT2<9>   |    0.644(R)|      SLOW  |    0.247(R)|      SLOW  |CLK_BUFGP         |   0.000|
INPUT2<10>  |    0.587(R)|      SLOW  |    0.300(R)|      SLOW  |CLK_BUFGP         |   0.000|
INPUT2<11>  |    0.494(R)|      SLOW  |    0.387(R)|      SLOW  |CLK_BUFGP         |   0.000|
INPUT2<12>  |    0.325(R)|      SLOW  |    0.567(R)|      SLOW  |CLK_BUFGP         |   0.000|
INPUT2<13>  |    0.378(R)|      SLOW  |    0.518(R)|      SLOW  |CLK_BUFGP         |   0.000|
INPUT2<14>  |    0.451(R)|      SLOW  |    0.447(R)|      SLOW  |CLK_BUFGP         |   0.000|
INPUT2<15>  |    1.437(R)|      SLOW  |   -0.484(R)|      SLOW  |CLK_BUFGP         |   0.000|
INPUT2<16>  |    1.108(R)|      SLOW  |   -0.193(R)|      SLOW  |CLK_BUFGP         |   0.000|
INPUT2<17>  |    1.385(R)|      SLOW  |   -0.453(R)|      SLOW  |CLK_BUFGP         |   0.000|
INPUT2<18>  |    1.479(R)|      SLOW  |   -0.547(R)|      SLOW  |CLK_BUFGP         |   0.000|
INPUT2<19>  |    1.162(R)|      SLOW  |   -0.244(R)|      SLOW  |CLK_BUFGP         |   0.000|
INPUT2<20>  |    1.248(R)|      SLOW  |   -0.323(R)|      SLOW  |CLK_BUFGP         |   0.000|
INPUT2<21>  |    1.666(R)|      SLOW  |   -0.707(R)|      FAST  |CLK_BUFGP         |   0.000|
INPUT2<22>  |    1.617(R)|      SLOW  |   -0.674(R)|      SLOW  |CLK_BUFGP         |   0.000|
INPUT2<23>  |    1.303(R)|      SLOW  |   -0.384(R)|      SLOW  |CLK_BUFGP         |   0.000|
INPUT2<24>  |    0.638(R)|      SLOW  |    0.276(R)|      SLOW  |CLK_BUFGP         |   0.000|
INPUT2<25>  |    1.794(R)|      SLOW  |   -0.813(R)|      FAST  |CLK_BUFGP         |   0.000|
INPUT2<26>  |    1.412(R)|      SLOW  |   -0.464(R)|      SLOW  |CLK_BUFGP         |   0.000|
INPUT2<27>  |    1.257(R)|      SLOW  |   -0.317(R)|      SLOW  |CLK_BUFGP         |   0.000|
INPUT2<28>  |    1.623(R)|      SLOW  |   -0.640(R)|      FAST  |CLK_BUFGP         |   0.000|
INPUT2<29>  |    1.506(R)|      SLOW  |   -0.547(R)|      SLOW  |CLK_BUFGP         |   0.000|
INPUT2<30>  |    1.881(R)|      SLOW  |   -0.829(R)|      FAST  |CLK_BUFGP         |   0.000|
INPUT2<31>  |    1.772(R)|      SLOW  |   -0.810(R)|      SLOW  |CLK_BUFGP         |   0.000|
OP_IN       |    1.137(R)|      SLOW  |   -0.214(R)|      SLOW  |CLK_BUFGP         |   0.000|
RESET       |    8.238(R)|      SLOW  |   -0.957(R)|      FAST  |CLK_BUFGP         |   0.000|
------------+------------+------------+------------+------------+------------------+--------+

Clock CLK to Pad
------------+-----------------+------------+-----------------+------------+------------------+--------+
            |Max (slowest) clk|  Process   |Min (fastest) clk|  Process   |                  | Clock  |
Destination |  (edge) to PAD  |   Corner   |  (edge) to PAD  |   Corner   |Internal Clock(s) | Phase  |
------------+-----------------+------------+-----------------+------------+------------------+--------+
OUTPUT<0>   |         7.148(R)|      SLOW  |         3.751(R)|      FAST  |CLK_BUFGP         |   0.000|
OUTPUT<1>   |         7.091(R)|      SLOW  |         3.729(R)|      FAST  |CLK_BUFGP         |   0.000|
OUTPUT<2>   |         7.251(R)|      SLOW  |         3.834(R)|      FAST  |CLK_BUFGP         |   0.000|
OUTPUT<3>   |         7.426(R)|      SLOW  |         3.920(R)|      FAST  |CLK_BUFGP         |   0.000|
OUTPUT<4>   |         7.457(R)|      SLOW  |         3.938(R)|      FAST  |CLK_BUFGP         |   0.000|
OUTPUT<5>   |         7.428(R)|      SLOW  |         3.919(R)|      FAST  |CLK_BUFGP         |   0.000|
OUTPUT<6>   |         7.219(R)|      SLOW  |         3.801(R)|      FAST  |CLK_BUFGP         |   0.000|
OUTPUT<7>   |         7.098(R)|      SLOW  |         3.736(R)|      FAST  |CLK_BUFGP         |   0.000|
OUTPUT<8>   |         7.259(R)|      SLOW  |         3.842(R)|      FAST  |CLK_BUFGP         |   0.000|
OUTPUT<9>   |         7.193(R)|      SLOW  |         3.785(R)|      FAST  |CLK_BUFGP         |   0.000|
OUTPUT<10>  |         6.866(R)|      SLOW  |         3.545(R)|      FAST  |CLK_BUFGP         |   0.000|
OUTPUT<11>  |         6.866(R)|      SLOW  |         3.545(R)|      FAST  |CLK_BUFGP         |   0.000|
OUTPUT<12>  |         6.993(R)|      SLOW  |         3.616(R)|      FAST  |CLK_BUFGP         |   0.000|
OUTPUT<13>  |         7.121(R)|      SLOW  |         3.715(R)|      FAST  |CLK_BUFGP         |   0.000|
OUTPUT<14>  |         7.309(R)|      SLOW  |         3.841(R)|      FAST  |CLK_BUFGP         |   0.000|
OUTPUT<15>  |         7.465(R)|      SLOW  |         3.905(R)|      FAST  |CLK_BUFGP         |   0.000|
OUTPUT<16>  |         7.515(R)|      SLOW  |         3.959(R)|      FAST  |CLK_BUFGP         |   0.000|
OUTPUT<17>  |         7.571(R)|      SLOW  |         3.995(R)|      FAST  |CLK_BUFGP         |   0.000|
OUTPUT<18>  |         7.917(R)|      SLOW  |         4.174(R)|      FAST  |CLK_BUFGP         |   0.000|
OUTPUT<19>  |         8.281(R)|      SLOW  |         4.392(R)|      FAST  |CLK_BUFGP         |   0.000|
OUTPUT<20>  |         8.342(R)|      SLOW  |         4.440(R)|      FAST  |CLK_BUFGP         |   0.000|
OUTPUT<21>  |         8.095(R)|      SLOW  |         4.282(R)|      FAST  |CLK_BUFGP         |   0.000|
OUTPUT<22>  |         7.953(R)|      SLOW  |         4.204(R)|      FAST  |CLK_BUFGP         |   0.000|
OUTPUT<23>  |         7.322(R)|      SLOW  |         3.808(R)|      FAST  |CLK_BUFGP         |   0.000|
OUTPUT<24>  |         7.440(R)|      SLOW  |         3.875(R)|      FAST  |CLK_BUFGP         |   0.000|
OUTPUT<25>  |         8.536(R)|      SLOW  |         4.559(R)|      FAST  |CLK_BUFGP         |   0.000|
OUTPUT<26>  |         8.532(R)|      SLOW  |         4.529(R)|      FAST  |CLK_BUFGP         |   0.000|
OUTPUT<27>  |         9.322(R)|      SLOW  |         5.019(R)|      FAST  |CLK_BUFGP         |   0.000|
OUTPUT<28>  |         8.367(R)|      SLOW  |         4.422(R)|      FAST  |CLK_BUFGP         |   0.000|
OUTPUT<29>  |         8.557(R)|      SLOW  |         4.542(R)|      FAST  |CLK_BUFGP         |   0.000|
OUTPUT<30>  |         8.774(R)|      SLOW  |         4.674(R)|      FAST  |CLK_BUFGP         |   0.000|
OUTPUT<31>  |         8.534(R)|      SLOW  |         4.570(R)|      FAST  |CLK_BUFGP         |   0.000|
------------+-----------------+------------+-----------------+------------+------------------+--------+

Clock to Setup on destination clock CLK
---------------+---------+---------+---------+---------+
               | Src:Rise| Src:Fall| Src:Rise| Src:Fall|
Source Clock   |Dest:Rise|Dest:Rise|Dest:Fall|Dest:Fall|
---------------+---------+---------+---------+---------+
CLK            |   11.890|         |         |         |
---------------+---------+---------+---------+---------+


Analysis completed Sat Jul  1 11:50:07 2023 
--------------------------------------------------------------------------------

Trace Settings:
-------------------------
Trace Settings 

Peak Memory Usage: 370 MB



